[0.127s] DEBUG:colcon:Command line arguments: ['/usr/bin/colcon', 'list', '-p', '--base-paths', '/home/natthaphxt/LAB4_ws/src', '--log-base', '/dev/null']
[0.127s] DEBUG:colcon:Parsed command line arguments: Namespace(log_base=None, log_level=None, verb_name='list', build_base='build', ignore_user_meta=False, metas=['./colcon.meta'], base_paths=['/home/natthaphxt/LAB4_ws/src', '--log-base', '/dev/null'], packages_ignore=None, packages_ignore_regex=None, paths=None, packages_up_to=None, packages_up_to_regex=None, packages_above=None, packages_above_and_dependencies=None, packages_above_depth=None, packages_select_by_dep=None, packages_skip_by_dep=None, packages_skip_up_to=None, packages_select_build_failed=False, packages_skip_build_finished=False, packages_select_test_failures=False, packages_skip_test_passed=False, packages_select=None, packages_skip=None, packages_select_regex=None, packages_skip_regex=None, packages_start=None, packages_end=None, allow_overriding=[], topological_order=False, names_only=False, paths_only=True, topological_graph=False, topological_graph_dot=False, topological_graph_density=False, topological_graph_legend=False, topological_graph_dot_cluster=False, topological_graph_dot_include_skipped=False, mixin_files=None, mixin=None, verb_parser=<colcon_mixin.mixin.mixin_argument.MixinArgumentDecorator object at 0x73b1418c80a0>, verb_extension=<colcon_package_information.verb.list.ListVerb object at 0x73b14187ec50>, main=<bound method ListVerb.main of <colcon_package_information.verb.list.ListVerb object at 0x73b14187ec50>>, mixin_verb=('list',))
[0.359s] Level 1:colcon.colcon_core.package_discovery:discover_packages(colcon_meta) check parameters
[0.359s] Level 1:colcon.colcon_core.package_discovery:discover_packages(recursive) check parameters
[0.359s] Level 1:colcon.colcon_core.package_discovery:discover_packages(ignore) check parameters
[0.359s] Level 1:colcon.colcon_core.package_discovery:discover_packages(path) check parameters
[0.359s] Level 1:colcon.colcon_core.package_discovery:discover_packages(recursive) discover
[0.359s] INFO:colcon.colcon_core.package_discovery:Crawling recursively for packages in '/home/natthaphxt/LAB4_ws/src', '/home/natthaphxt/LAB4_ws/src/--log-base', '/dev/null'
[0.360s] Level 1:colcon.colcon_core.package_identification:_identify(/home/natthaphxt/LAB4_ws/src) by extensions ['ignore', 'ignore_ament_install']
[0.360s] Level 1:colcon.colcon_core.package_identification:_identify(/home/natthaphxt/LAB4_ws/src) by extension 'ignore'
[0.360s] Level 1:colcon.colcon_core.package_identification:_identify(/home/natthaphxt/LAB4_ws/src) by extension 'ignore_ament_install'
[0.360s] Level 1:colcon.colcon_core.package_identification:_identify(/home/natthaphxt/LAB4_ws/src) by extensions ['colcon_pkg']
[0.360s] Level 1:colcon.colcon_core.package_identification:_identify(/home/natthaphxt/LAB4_ws/src) by extension 'colcon_pkg'
[0.360s] Level 1:colcon.colcon_core.package_identification:_identify(/home/natthaphxt/LAB4_ws/src) by extensions ['colcon_meta']
[0.360s] Level 1:colcon.colcon_core.package_identification:_identify(/home/natthaphxt/LAB4_ws/src) by extension 'colcon_meta'
[0.360s] Level 1:colcon.colcon_core.package_identification:_identify(/home/natthaphxt/LAB4_ws/src) by extensions ['ros']
[0.360s] Level 1:colcon.colcon_core.package_identification:_identify(/home/natthaphxt/LAB4_ws/src) by extension 'ros'
[0.407s] Level 1:colcon.colcon_core.package_identification:_identify(/home/natthaphxt/LAB4_ws/src) by extensions ['cmake', 'python']
[0.407s] Level 1:colcon.colcon_core.package_identification:_identify(/home/natthaphxt/LAB4_ws/src) by extension 'cmake'
[0.407s] Level 1:colcon.colcon_core.package_identification:_identify(/home/natthaphxt/LAB4_ws/src) by extension 'python'
[0.407s] Level 1:colcon.colcon_core.package_identification:_identify(/home/natthaphxt/LAB4_ws/src) by extensions ['python_setup_py']
[0.407s] Level 1:colcon.colcon_core.package_identification:_identify(/home/natthaphxt/LAB4_ws/src) by extension 'python_setup_py'
[0.407s] Level 1:colcon.colcon_core.package_identification:_identify(/home/natthaphxt/LAB4_ws/src/RoboticsDev2024-lecture4) by extensions ['ignore', 'ignore_ament_install']
[0.407s] Level 1:colcon.colcon_core.package_identification:_identify(/home/natthaphxt/LAB4_ws/src/RoboticsDev2024-lecture4) by extension 'ignore'
[0.407s] Level 1:colcon.colcon_core.package_identification:_identify(/home/natthaphxt/LAB4_ws/src/RoboticsDev2024-lecture4) by extension 'ignore_ament_install'
[0.407s] Level 1:colcon.colcon_core.package_identification:_identify(/home/natthaphxt/LAB4_ws/src/RoboticsDev2024-lecture4) by extensions ['colcon_pkg']
[0.407s] Level 1:colcon.colcon_core.package_identification:_identify(/home/natthaphxt/LAB4_ws/src/RoboticsDev2024-lecture4) by extension 'colcon_pkg'
[0.407s] Level 1:colcon.colcon_core.package_identification:_identify(/home/natthaphxt/LAB4_ws/src/RoboticsDev2024-lecture4) by extensions ['colcon_meta']
[0.407s] Level 1:colcon.colcon_core.package_identification:_identify(/home/natthaphxt/LAB4_ws/src/RoboticsDev2024-lecture4) by extension 'colcon_meta'
[0.407s] Level 1:colcon.colcon_core.package_identification:_identify(/home/natthaphxt/LAB4_ws/src/RoboticsDev2024-lecture4) by extensions ['ros']
[0.407s] Level 1:colcon.colcon_core.package_identification:_identify(/home/natthaphxt/LAB4_ws/src/RoboticsDev2024-lecture4) by extension 'ros'
[0.411s] DEBUG:colcon.colcon_core.package_identification:Package '/home/natthaphxt/LAB4_ws/src/RoboticsDev2024-lecture4' with type 'ros.ament_cmake' and name 'example_description'
[0.411s] Level 1:colcon.colcon_core.package_identification:_identify(/home/natthaphxt/LAB4_ws/src/include) by extensions ['ignore', 'ignore_ament_install']
[0.411s] Level 1:colcon.colcon_core.package_identification:_identify(/home/natthaphxt/LAB4_ws/src/include) by extension 'ignore'
[0.412s] Level 1:colcon.colcon_core.package_identification:_identify(/home/natthaphxt/LAB4_ws/src/include) by extension 'ignore_ament_install'
[0.412s] Level 1:colcon.colcon_core.package_identification:_identify(/home/natthaphxt/LAB4_ws/src/include) by extensions ['colcon_pkg']
[0.412s] Level 1:colcon.colcon_core.package_identification:_identify(/home/natthaphxt/LAB4_ws/src/include) by extension 'colcon_pkg'
[0.412s] Level 1:colcon.colcon_core.package_identification:_identify(/home/natthaphxt/LAB4_ws/src/include) by extensions ['colcon_meta']
[0.412s] Level 1:colcon.colcon_core.package_identification:_identify(/home/natthaphxt/LAB4_ws/src/include) by extension 'colcon_meta'
[0.412s] Level 1:colcon.colcon_core.package_identification:_identify(/home/natthaphxt/LAB4_ws/src/include) by extensions ['ros']
[0.412s] Level 1:colcon.colcon_core.package_identification:_identify(/home/natthaphxt/LAB4_ws/src/include) by extension 'ros'
[0.412s] Level 1:colcon.colcon_core.package_identification:_identify(/home/natthaphxt/LAB4_ws/src/include) by extensions ['cmake', 'python']
[0.412s] Level 1:colcon.colcon_core.package_identification:_identify(/home/natthaphxt/LAB4_ws/src/include) by extension 'cmake'
[0.412s] Level 1:colcon.colcon_core.package_identification:_identify(/home/natthaphxt/LAB4_ws/src/include) by extension 'python'
[0.412s] Level 1:colcon.colcon_core.package_identification:_identify(/home/natthaphxt/LAB4_ws/src/include) by extensions ['python_setup_py']
[0.412s] Level 1:colcon.colcon_core.package_identification:_identify(/home/natthaphxt/LAB4_ws/src/include) by extension 'python_setup_py'
[0.412s] Level 1:colcon.colcon_core.package_identification:_identify(/home/natthaphxt/LAB4_ws/src/include/package_name) by extensions ['ignore', 'ignore_ament_install']
[0.412s] Level 1:colcon.colcon_core.package_identification:_identify(/home/natthaphxt/LAB4_ws/src/include/package_name) by extension 'ignore'
[0.412s] Level 1:colcon.colcon_core.package_identification:_identify(/home/natthaphxt/LAB4_ws/src/include/package_name) by extension 'ignore_ament_install'
[0.413s] Level 1:colcon.colcon_core.package_identification:_identify(/home/natthaphxt/LAB4_ws/src/include/package_name) by extensions ['colcon_pkg']
[0.413s] Level 1:colcon.colcon_core.package_identification:_identify(/home/natthaphxt/LAB4_ws/src/include/package_name) by extension 'colcon_pkg'
[0.413s] Level 1:colcon.colcon_core.package_identification:_identify(/home/natthaphxt/LAB4_ws/src/include/package_name) by extensions ['colcon_meta']
[0.413s] Level 1:colcon.colcon_core.package_identification:_identify(/home/natthaphxt/LAB4_ws/src/include/package_name) by extension 'colcon_meta'
[0.413s] Level 1:colcon.colcon_core.package_identification:_identify(/home/natthaphxt/LAB4_ws/src/include/package_name) by extensions ['ros']
[0.413s] Level 1:colcon.colcon_core.package_identification:_identify(/home/natthaphxt/LAB4_ws/src/include/package_name) by extension 'ros'
[0.413s] Level 1:colcon.colcon_core.package_identification:_identify(/home/natthaphxt/LAB4_ws/src/include/package_name) by extensions ['cmake', 'python']
[0.413s] Level 1:colcon.colcon_core.package_identification:_identify(/home/natthaphxt/LAB4_ws/src/include/package_name) by extension 'cmake'
[0.413s] Level 1:colcon.colcon_core.package_identification:_identify(/home/natthaphxt/LAB4_ws/src/include/package_name) by extension 'python'
[0.413s] Level 1:colcon.colcon_core.package_identification:_identify(/home/natthaphxt/LAB4_ws/src/include/package_name) by extensions ['python_setup_py']
[0.413s] Level 1:colcon.colcon_core.package_identification:_identify(/home/natthaphxt/LAB4_ws/src/include/package_name) by extension 'python_setup_py'
[0.413s] Level 1:colcon.colcon_core.package_identification:_identify(/home/natthaphxt/LAB4_ws/src/lab4) by extensions ['ignore', 'ignore_ament_install']
[0.413s] Level 1:colcon.colcon_core.package_identification:_identify(/home/natthaphxt/LAB4_ws/src/lab4) by extension 'ignore'
[0.413s] Level 1:colcon.colcon_core.package_identification:_identify(/home/natthaphxt/LAB4_ws/src/lab4) by extension 'ignore_ament_install'
[0.414s] Level 1:colcon.colcon_core.package_identification:_identify(/home/natthaphxt/LAB4_ws/src/lab4) by extensions ['colcon_pkg']
[0.414s] Level 1:colcon.colcon_core.package_identification:_identify(/home/natthaphxt/LAB4_ws/src/lab4) by extension 'colcon_pkg'
[0.414s] Level 1:colcon.colcon_core.package_identification:_identify(/home/natthaphxt/LAB4_ws/src/lab4) by extensions ['colcon_meta']
[0.414s] Level 1:colcon.colcon_core.package_identification:_identify(/home/natthaphxt/LAB4_ws/src/lab4) by extension 'colcon_meta'
[0.414s] Level 1:colcon.colcon_core.package_identification:_identify(/home/natthaphxt/LAB4_ws/src/lab4) by extensions ['ros']
[0.414s] Level 1:colcon.colcon_core.package_identification:_identify(/home/natthaphxt/LAB4_ws/src/lab4) by extension 'ros'
[0.414s] Level 1:colcon.colcon_core.package_identification:_identify(/home/natthaphxt/LAB4_ws/src/lab4) by extensions ['cmake', 'python']
[0.414s] Level 1:colcon.colcon_core.package_identification:_identify(/home/natthaphxt/LAB4_ws/src/lab4) by extension 'cmake'
[0.414s] Level 1:colcon.colcon_core.package_identification:_identify(/home/natthaphxt/LAB4_ws/src/lab4) by extension 'python'
[0.414s] Level 1:colcon.colcon_core.package_identification:_identify(/home/natthaphxt/LAB4_ws/src/lab4) by extensions ['python_setup_py']
[0.414s] Level 1:colcon.colcon_core.package_identification:_identify(/home/natthaphxt/LAB4_ws/src/lab4) by extension 'python_setup_py'
[0.414s] Level 1:colcon.colcon_core.package_identification:_identify(/home/natthaphxt/LAB4_ws/src/log) by extensions ['ignore', 'ignore_ament_install']
[0.414s] Level 1:colcon.colcon_core.package_identification:_identify(/home/natthaphxt/LAB4_ws/src/log) by extension 'ignore'
[0.414s] Level 1:colcon.colcon_core.package_identification:_identify(/home/natthaphxt/LAB4_ws/src/log) ignored
[0.414s] Level 1:colcon.colcon_core.package_identification:_identify(/home/natthaphxt/LAB4_ws/src/r_interfaces) by extensions ['ignore', 'ignore_ament_install']
[0.414s] Level 1:colcon.colcon_core.package_identification:_identify(/home/natthaphxt/LAB4_ws/src/r_interfaces) by extension 'ignore'
[0.415s] Level 1:colcon.colcon_core.package_identification:_identify(/home/natthaphxt/LAB4_ws/src/r_interfaces) by extension 'ignore_ament_install'
[0.415s] Level 1:colcon.colcon_core.package_identification:_identify(/home/natthaphxt/LAB4_ws/src/r_interfaces) by extensions ['colcon_pkg']
[0.415s] Level 1:colcon.colcon_core.package_identification:_identify(/home/natthaphxt/LAB4_ws/src/r_interfaces) by extension 'colcon_pkg'
[0.415s] Level 1:colcon.colcon_core.package_identification:_identify(/home/natthaphxt/LAB4_ws/src/r_interfaces) by extensions ['colcon_meta']
[0.415s] Level 1:colcon.colcon_core.package_identification:_identify(/home/natthaphxt/LAB4_ws/src/r_interfaces) by extension 'colcon_meta'
[0.415s] Level 1:colcon.colcon_core.package_identification:_identify(/home/natthaphxt/LAB4_ws/src/r_interfaces) by extensions ['ros']
[0.415s] Level 1:colcon.colcon_core.package_identification:_identify(/home/natthaphxt/LAB4_ws/src/r_interfaces) by extension 'ros'
[0.415s] DEBUG:colcon.colcon_core.package_identification:Package '/home/natthaphxt/LAB4_ws/src/r_interfaces' with type 'ros.ament_cmake' and name 'r_interfaces'
[0.415s] Level 1:colcon.colcon_core.package_discovery:discover_packages(recursive) using defaults
